// Jest Snapshot v1, https://goo.gl/fbAQLP

exports[`Login Page should render correctly 1`] = `
<div
  className="wrapper"
>
  <section
    className="page-content"
  >
    <section
      className="mast no-bg paddless"
    >
      <a
        className="logo-text-group"
        href="index.html"
      >
        <div
          className="logo"
        >
          <img
            alt="sendit-logo"
            src="assets/img/sendit-pickup-ondemand.svg"
          />
        </div>
        <div
          className="text"
        >
          Send
          <span>
            IT
          </span>
        </div>
      </a>
    </section>
    <div
      className="login-box"
    >
      <form
        action=""
      >
        <div
          className="form-header"
        >
          Login
        </div>
        <div
          className="form-body"
        >
          <div
            className="input-group transparent-box"
          >
            <label
              htmlFor="email"
            >
              Email
            </label>
            <input
              id="email"
              placeholder="you@email.com"
              required={true}
              type="email"
            />
          </div>
          <div
            className="input-group transparent-box"
          >
            <label
              htmlFor="password"
            >
              Password
            </label>
            <input
              id="password"
              placeholder="your password"
              required={true}
              type="password"
            />
          </div>
          <div
            className="input-footer"
          />
          <div
            className="row text-center"
          >
            <div
              className="column"
            >
              <button
                className="btn submit"
              >
                Login
              </button>
            </div>
            <div
              className="actions column text-center"
            >
              <div
                className="v-gap-2"
              />
              <div
                className={true}
              >
                <NavLink
                  to="/signup"
                >
                  Sign up
                </NavLink>
                <span
                  style={
                    Object {
                      "display": "inline-block",
                      "marginRight": 10,
                    }
                  }
                />
                <NavLink
                  to="/forgot-password"
                >
                  Forgot password
                </NavLink>
                <span
                  style={
                    Object {
                      "display": "inline-block",
                      "marginRight": 10,
                    }
                  }
                />
                <NavLink
                  to="/admin-login"
                >
                  Admin Login
                </NavLink>
              </div>
            </div>
          </div>
        </div>
      </form>
    </div>
  </section>
  <div
    className="page-background"
  >
    <div
      className="overlay"
    />
  </div>
</div>
`;
