// Jest Snapshot v1, https://goo.gl/fbAQLP

exports[`Tests for signup page should render the signup page 1`] = `
<div
  className="wrapper"
>
  <section
    className="page-content"
  >
    <section
      className="mast no-bg paddless"
    >
      <NavLink
        className="logo-text-group"
        to="/"
      >
        <div
          className="logo"
        >
          <img
            alt="sendit-logo"
            src="/assets/img/sendit-pickup-ondemand.svg"
          />
        </div>
        <div
          className="text"
        >
          Send
          <span>
            IT
          </span>
        </div>
      </NavLink>
    </section>
    <div
      className="login-box"
    >
      <ReduxForm
        destroyOnUnmount={true}
        enableReinitialize={false}
        forceUnregisterOnUnmount={false}
        form="signupForm"
        getFormState={[Function]}
        handleSubmit={[Function]}
        keepDirtyOnReinitialize={false}
        persistentSubmitErrors={false}
        pure={true}
        shouldAsyncValidate={[Function]}
        shouldError={[Function]}
        shouldValidate={[Function]}
        shouldWarn={[Function]}
        touchOnBlur={true}
        touchOnChange={false}
        updateUnregisteredFields={false}
      />
    </div>
  </section>
  <div
    className="page-background"
  >
    <div
      className="overlay"
    />
  </div>
</div>
`;
