// Jest Snapshot v1, https://goo.gl/fbAQLP

exports[`Tests for destination edit form should render the destination edit form 1`] = `
<ReduxForm
  destroyOnUnmount={true}
  enableReinitialize={true}
  forceUnregisterOnUnmount={false}
  form="destinationEdit"
  getFormState={[Function]}
  initialValues={
    Object {
      "to": undefined,
    }
  }
  keepDirtyOnReinitialize={false}
  persistentSubmitErrors={false}
  pure={true}
  shouldAsyncValidate={[Function]}
  shouldError={[Function]}
  shouldValidate={[Function]}
  shouldWarn={[Function]}
  touchOnBlur={true}
  touchOnChange={false}
  updateUnregisteredFields={false}
/>
`;
