// Jest Snapshot v1, https://goo.gl/fbAQLP

exports[`Tests for signup form should render the signup form 1`] = `
<form
  onSubmit={[MockFunction]}
>
  <div
    className="form-header"
  >
    Signup
  </div>
  <div
    className="form-body"
  >
    <div
      className="input-group transparent-box"
    >
      <Field
        component={[Function]}
        label="Firstname"
        name="firstname"
        type="firstname"
        validate={
          Array [
            [Function],
            [Function],
          ]
        }
      />
      <Field
        component={[Function]}
        label="Lastname"
        name="lastname"
        type="lastname"
        validate={
          Array [
            [Function],
            [Function],
          ]
        }
      />
      <Field
        component={[Function]}
        label="your email"
        name="email"
        type="email"
        validate={
          Array [
            [Function],
            [Function],
            [Function],
            [Function],
          ]
        }
      />
      <Field
        component={[Function]}
        label="username"
        name="username"
        type="username"
        validate={
          Array [
            [Function],
            [Function],
            [Function],
          ]
        }
      />
      <Field
        component={[Function]}
        label="secure password"
        name="password"
        type="password"
        validate={
          Array [
            [Function],
            [Function],
            [Function],
          ]
        }
      />
    </div>
    <div
      className="input-footer"
    />
    <div
      className="row text-center"
    >
      <div
        className="column"
      >
        <button
          className="btn submit"
        >
          Signup
        </button>
      </div>
      <div
        className="actions column text-center"
      >
        <div
          className="v-gap-2"
        />
        <div>
          <NavLink
            to="/login"
          >
            Login
          </NavLink>
        </div>
      </div>
    </div>
  </div>
</form>
`;
